// Jest Snapshot v1, https://goo.gl/fbAQLP

exports[`Tests on <Navbar /> component should show itself correctly 1`] = `
<nav
  className="navbar navbar-expand-sm navbar-dark bg-dark"
>
  <a
    className="navbar-brand"
    onClick={[Function]}
  >
    Asociaciones
  </a>
  <div
    className="collapse navbar-collapse"
  >
    <div
      className="navbar-nav me-auto mb-2 mb-lg-0"
    >
      <a
        aria-current={null}
        className="nav-item nav-link"
        onClick={[Function]}
      >
        Marvel
      </a>
      <a
        aria-current={null}
        className="nav-item nav-link"
        onClick={[Function]}
      >
        DC
      </a>
      <a
        aria-current={null}
        className="nav-item nav-link"
        onClick={[Function]}
      >
        Search
      </a>
    </div>
    <span
      className="navbar-text text-info"
    >
      VÃ­ctor
    </span>
    <span
      className="navbar-text"
    >
      <button
        className="nav-item nav-link btn text-white"
        onClick={[Function]}
      >
        Logout
      </button>
    </span>
  </div>
</nav>
`;
