// Jest Snapshot v1, https://goo.gl/fbAQLP

exports[`Test on <LoginScreen /> component should show itself correctly 1`] = `
<div
  className="container mt-4"
>
  <h3>
    Login!
  </h3>
  <hr />
  <button
    className="btn btn-success"
    onClick={[Function]}
  >
    Login
  </button>
</div>
`;
